EN sch NULL //vboxsvr/timebase_cpld_software/Timebase_CPLD/sch.vhf sub00/vhpl24 1655049950
EN and7_mxilinx_sch NULL //vboxsvr/timebase_cpld_software/Timebase_CPLD/sch.vhf sub00/vhpl10 1655049940
AR and8_mxilinx_sch behavioral //vboxsvr/timebase_cpld_software/Timebase_CPLD/sch.vhf sub00/vhpl09 1655049939
EN cb8x1_mxilinx_sch NULL //vboxsvr/timebase_cpld_software/Timebase_CPLD/sch.vhf sub00/vhpl16 1655049946
AR d4_16e_mxilinx_sch behavioral //vboxsvr/timebase_cpld_software/Timebase_CPLD/sch.vhf sub00/vhpl23 1655049933
EN ld16_mxilinx_sch NULL //vboxsvr/timebase_cpld_software/Timebase_CPLD/sch.vhf sub00/vhpl20 1652135379
AR and7_mxilinx_sch behavioral //vboxsvr/timebase_cpld_software/Timebase_CPLD/sch.vhf sub00/vhpl11 1655049941
AR ld4_mxilinx_sch behavioral //vboxsvr/timebase_cpld_software/Timebase_CPLD/sch.vhf sub00/vhpl27 1655049935
AR fdc_mxilinx_sch behavioral //vboxsvr/timebase_cpld_software/Timebase_CPLD/sch.vhf sub00/vhpl15 1655049945
AR cb2ce_mxilinx_sch behavioral //vboxsvr/timebase_cpld_software/Timebase_CPLD/sch.vhf sub00/vhpl05 1655049931
EN and8_mxilinx_sch NULL //vboxsvr/timebase_cpld_software/Timebase_CPLD/sch.vhf sub00/vhpl08 1655049938
AR and6_mxilinx_sch behavioral //vboxsvr/timebase_cpld_software/Timebase_CPLD/sch.vhf sub00/vhpl13 1655049943
AR cb16x1_mxilinx_sch behavioral //vboxsvr/timebase_cpld_software/Timebase_CPLD/sch.vhf sub00/vhpl19 1655049949
AR sch behavioral //vboxsvr/timebase_cpld_software/Timebase_CPLD/sch.vhf sub00/vhpl25 1655049951
EN d2_4e_mxilinx_sch NULL //vboxsvr/timebase_cpld_software/Timebase_CPLD/sch.vhf sub00/vhpl00 1655049926
EN d4_16e_mxilinx_sch NULL //vboxsvr/timebase_cpld_software/Timebase_CPLD/sch.vhf sub00/vhpl22 1655049932
EN fdc_mxilinx_sch NULL //vboxsvr/timebase_cpld_software/Timebase_CPLD/sch.vhf sub00/vhpl14 1655049944
EN ftce_mxilinx_sch NULL //vboxsvr/timebase_cpld_software/Timebase_CPLD/sch.vhf sub00/vhpl02 1655049928
EN and9_mxilinx_sch NULL //vboxsvr/timebase_cpld_software/Timebase_CPLD/sch.vhf sub00/vhpl06 1655049936
EN and6_mxilinx_sch NULL //vboxsvr/timebase_cpld_software/Timebase_CPLD/sch.vhf sub00/vhpl12 1655049942
AR ld16_mxilinx_sch behavioral //vboxsvr/timebase_cpld_software/Timebase_CPLD/sch.vhf sub00/vhpl21 1652135380
EN ld4_mxilinx_sch NULL //vboxsvr/timebase_cpld_software/Timebase_CPLD/sch.vhf sub00/vhpl26 1655049934
AR cb8x1_mxilinx_sch behavioral //vboxsvr/timebase_cpld_software/Timebase_CPLD/sch.vhf sub00/vhpl17 1655049947
AR d2_4e_mxilinx_sch behavioral //vboxsvr/timebase_cpld_software/Timebase_CPLD/sch.vhf sub00/vhpl01 1655049927
EN cb2ce_mxilinx_sch NULL //vboxsvr/timebase_cpld_software/Timebase_CPLD/sch.vhf sub00/vhpl04 1655049930
EN cb16x1_mxilinx_sch NULL //vboxsvr/timebase_cpld_software/Timebase_CPLD/sch.vhf sub00/vhpl18 1655049948
AR and9_mxilinx_sch behavioral //vboxsvr/timebase_cpld_software/Timebase_CPLD/sch.vhf sub00/vhpl07 1655049937
AR ftce_mxilinx_sch behavioral //vboxsvr/timebase_cpld_software/Timebase_CPLD/sch.vhf sub00/vhpl03 1655049929
