EN sch NULL //vboxsvr/timebase_cpld_software/Timebase_CPLD/sch.vhf sub00/vhpl24 1652143157
EN and7_mxilinx_sch NULL //vboxsvr/timebase_cpld_software/Timebase_CPLD/sch.vhf sub00/vhpl10 1652143147
AR and8_mxilinx_sch behavioral //vboxsvr/timebase_cpld_software/Timebase_CPLD/sch.vhf sub00/vhpl09 1652143146
EN cb8x1_mxilinx_sch NULL //vboxsvr/timebase_cpld_software/Timebase_CPLD/sch.vhf sub00/vhpl16 1652143153
AR d4_16e_mxilinx_sch behavioral //vboxsvr/timebase_cpld_software/Timebase_CPLD/sch.vhf sub00/vhpl23 1652143140
EN ld16_mxilinx_sch NULL //vboxsvr/timebase_cpld_software/Timebase_CPLD/sch.vhf sub00/vhpl20 1652135379
AR and7_mxilinx_sch behavioral //vboxsvr/timebase_cpld_software/Timebase_CPLD/sch.vhf sub00/vhpl11 1652143148
AR ld4_mxilinx_sch behavioral //vboxsvr/timebase_cpld_software/Timebase_CPLD/sch.vhf sub00/vhpl27 1652143142
AR fdc_mxilinx_sch behavioral //vboxsvr/timebase_cpld_software/Timebase_CPLD/sch.vhf sub00/vhpl15 1652143152
AR cb2ce_mxilinx_sch behavioral //vboxsvr/timebase_cpld_software/Timebase_CPLD/sch.vhf sub00/vhpl05 1652143138
EN and8_mxilinx_sch NULL //vboxsvr/timebase_cpld_software/Timebase_CPLD/sch.vhf sub00/vhpl08 1652143145
AR and6_mxilinx_sch behavioral //vboxsvr/timebase_cpld_software/Timebase_CPLD/sch.vhf sub00/vhpl13 1652143150
AR cb16x1_mxilinx_sch behavioral //vboxsvr/timebase_cpld_software/Timebase_CPLD/sch.vhf sub00/vhpl19 1652143156
AR sch behavioral //vboxsvr/timebase_cpld_software/Timebase_CPLD/sch.vhf sub00/vhpl25 1652143158
EN d2_4e_mxilinx_sch NULL //vboxsvr/timebase_cpld_software/Timebase_CPLD/sch.vhf sub00/vhpl00 1652143133
EN d4_16e_mxilinx_sch NULL //vboxsvr/timebase_cpld_software/Timebase_CPLD/sch.vhf sub00/vhpl22 1652143139
EN fdc_mxilinx_sch NULL //vboxsvr/timebase_cpld_software/Timebase_CPLD/sch.vhf sub00/vhpl14 1652143151
EN ftce_mxilinx_sch NULL //vboxsvr/timebase_cpld_software/Timebase_CPLD/sch.vhf sub00/vhpl02 1652143135
EN and9_mxilinx_sch NULL //vboxsvr/timebase_cpld_software/Timebase_CPLD/sch.vhf sub00/vhpl06 1652143143
EN and6_mxilinx_sch NULL //vboxsvr/timebase_cpld_software/Timebase_CPLD/sch.vhf sub00/vhpl12 1652143149
AR ld16_mxilinx_sch behavioral //vboxsvr/timebase_cpld_software/Timebase_CPLD/sch.vhf sub00/vhpl21 1652135380
EN ld4_mxilinx_sch NULL //vboxsvr/timebase_cpld_software/Timebase_CPLD/sch.vhf sub00/vhpl26 1652143141
AR cb8x1_mxilinx_sch behavioral //vboxsvr/timebase_cpld_software/Timebase_CPLD/sch.vhf sub00/vhpl17 1652143154
AR d2_4e_mxilinx_sch behavioral //vboxsvr/timebase_cpld_software/Timebase_CPLD/sch.vhf sub00/vhpl01 1652143134
EN cb2ce_mxilinx_sch NULL //vboxsvr/timebase_cpld_software/Timebase_CPLD/sch.vhf sub00/vhpl04 1652143137
EN cb16x1_mxilinx_sch NULL //vboxsvr/timebase_cpld_software/Timebase_CPLD/sch.vhf sub00/vhpl18 1652143155
AR and9_mxilinx_sch behavioral //vboxsvr/timebase_cpld_software/Timebase_CPLD/sch.vhf sub00/vhpl07 1652143144
AR ftce_mxilinx_sch behavioral //vboxsvr/timebase_cpld_software/Timebase_CPLD/sch.vhf sub00/vhpl03 1652143136
