EN sch NULL //vboxsvr/timebase_cpld_software/Timebase_CPLD/sch.vhf sub00/vhpl24 1652184060
EN and7_mxilinx_sch NULL //vboxsvr/timebase_cpld_software/Timebase_CPLD/sch.vhf sub00/vhpl10 1652184050
AR and8_mxilinx_sch behavioral //vboxsvr/timebase_cpld_software/Timebase_CPLD/sch.vhf sub00/vhpl09 1652184049
EN cb8x1_mxilinx_sch NULL //vboxsvr/timebase_cpld_software/Timebase_CPLD/sch.vhf sub00/vhpl16 1652184056
AR d4_16e_mxilinx_sch behavioral //vboxsvr/timebase_cpld_software/Timebase_CPLD/sch.vhf sub00/vhpl23 1652184043
EN ld16_mxilinx_sch NULL //vboxsvr/timebase_cpld_software/Timebase_CPLD/sch.vhf sub00/vhpl20 1652135379
AR and7_mxilinx_sch behavioral //vboxsvr/timebase_cpld_software/Timebase_CPLD/sch.vhf sub00/vhpl11 1652184051
AR ld4_mxilinx_sch behavioral //vboxsvr/timebase_cpld_software/Timebase_CPLD/sch.vhf sub00/vhpl27 1652184045
AR fdc_mxilinx_sch behavioral //vboxsvr/timebase_cpld_software/Timebase_CPLD/sch.vhf sub00/vhpl15 1652184055
AR cb2ce_mxilinx_sch behavioral //vboxsvr/timebase_cpld_software/Timebase_CPLD/sch.vhf sub00/vhpl05 1652184041
EN and8_mxilinx_sch NULL //vboxsvr/timebase_cpld_software/Timebase_CPLD/sch.vhf sub00/vhpl08 1652184048
AR and6_mxilinx_sch behavioral //vboxsvr/timebase_cpld_software/Timebase_CPLD/sch.vhf sub00/vhpl13 1652184053
AR cb16x1_mxilinx_sch behavioral //vboxsvr/timebase_cpld_software/Timebase_CPLD/sch.vhf sub00/vhpl19 1652184059
AR sch behavioral //vboxsvr/timebase_cpld_software/Timebase_CPLD/sch.vhf sub00/vhpl25 1652184061
EN d2_4e_mxilinx_sch NULL //vboxsvr/timebase_cpld_software/Timebase_CPLD/sch.vhf sub00/vhpl00 1652184036
EN d4_16e_mxilinx_sch NULL //vboxsvr/timebase_cpld_software/Timebase_CPLD/sch.vhf sub00/vhpl22 1652184042
EN fdc_mxilinx_sch NULL //vboxsvr/timebase_cpld_software/Timebase_CPLD/sch.vhf sub00/vhpl14 1652184054
EN ftce_mxilinx_sch NULL //vboxsvr/timebase_cpld_software/Timebase_CPLD/sch.vhf sub00/vhpl02 1652184038
EN and9_mxilinx_sch NULL //vboxsvr/timebase_cpld_software/Timebase_CPLD/sch.vhf sub00/vhpl06 1652184046
EN and6_mxilinx_sch NULL //vboxsvr/timebase_cpld_software/Timebase_CPLD/sch.vhf sub00/vhpl12 1652184052
AR ld16_mxilinx_sch behavioral //vboxsvr/timebase_cpld_software/Timebase_CPLD/sch.vhf sub00/vhpl21 1652135380
EN ld4_mxilinx_sch NULL //vboxsvr/timebase_cpld_software/Timebase_CPLD/sch.vhf sub00/vhpl26 1652184044
AR cb8x1_mxilinx_sch behavioral //vboxsvr/timebase_cpld_software/Timebase_CPLD/sch.vhf sub00/vhpl17 1652184057
AR d2_4e_mxilinx_sch behavioral //vboxsvr/timebase_cpld_software/Timebase_CPLD/sch.vhf sub00/vhpl01 1652184037
EN cb2ce_mxilinx_sch NULL //vboxsvr/timebase_cpld_software/Timebase_CPLD/sch.vhf sub00/vhpl04 1652184040
EN cb16x1_mxilinx_sch NULL //vboxsvr/timebase_cpld_software/Timebase_CPLD/sch.vhf sub00/vhpl18 1652184058
AR and9_mxilinx_sch behavioral //vboxsvr/timebase_cpld_software/Timebase_CPLD/sch.vhf sub00/vhpl07 1652184047
AR ftce_mxilinx_sch behavioral //vboxsvr/timebase_cpld_software/Timebase_CPLD/sch.vhf sub00/vhpl03 1652184039
