Release 14.7 - xst P.20131013 (nt64)
Copyright (c) 1995-2013 Xilinx, Inc.  All rights reserved.
--> Parameter TMPDIR set to xst/projnav.tmp


Total REAL time to Xst completion: 0.00 secs
Total CPU time to Xst completion: 0.25 secs
 
--> Parameter xsthdpdir set to xst


Total REAL time to Xst completion: 0.00 secs
Total CPU time to Xst completion: 0.25 secs
 
--> Reading design: sch.prj

TABLE OF CONTENTS
  1) Synthesis Options Summary
  2) HDL Compilation
  3) Design Hierarchy Analysis
  4) HDL Analysis
  5) HDL Synthesis
     5.1) HDL Synthesis Report
  6) Advanced HDL Synthesis
     6.1) Advanced HDL Synthesis Report
  7) Low Level Synthesis
  8) Partition Report
  9) Final Report

=========================================================================
*                      Synthesis Options Summary                        *
=========================================================================
---- Source Parameters
Input File Name                    : "sch.prj"
Input Format                       : mixed
Ignore Synthesis Constraint File   : NO

---- Target Parameters
Output File Name                   : "sch"
Output Format                      : NGC
Target Device                      : XC9500XL CPLDs

---- Source Options
Top Module Name                    : sch
Automatic FSM Extraction           : YES
FSM Encoding Algorithm             : Auto
Safe Implementation                : No
Mux Extraction                     : Yes
Resource Sharing                   : YES

---- Target Options
Add IO Buffers                     : YES
MACRO Preserve                     : YES
XOR Preserve                       : YES
Equivalent register Removal        : YES

---- General Options
Optimization Goal                  : Speed
Optimization Effort                : 1
Keep Hierarchy                     : Yes
Netlist Hierarchy                  : As_Optimized
RTL Output                         : Yes
Hierarchy Separator                : /
Bus Delimiter                      : <>
Case Specifier                     : Maintain
Verilog 2001                       : YES

---- Other Options
Clock Enable                       : YES
wysiwyg                            : NO

=========================================================================


=========================================================================
*                          HDL Compilation                              *
=========================================================================
Compiling vhdl file "//vboxsvr/timebase_cpld_software/Timebase_CPLD/sch.vhf" in Library work.
Architecture behavioral of Entity d2_4e_mxilinx_sch is up to date.
Architecture behavioral of Entity ftce_mxilinx_sch is up to date.
Architecture behavioral of Entity cb2ce_mxilinx_sch is up to date.
Architecture behavioral of Entity d4_16e_mxilinx_sch is up to date.
Architecture behavioral of Entity ld4_mxilinx_sch is up to date.
Architecture behavioral of Entity and9_mxilinx_sch is up to date.
Architecture behavioral of Entity and8_mxilinx_sch is up to date.
Architecture behavioral of Entity and7_mxilinx_sch is up to date.
Architecture behavioral of Entity and6_mxilinx_sch is up to date.
Architecture behavioral of Entity fdc_mxilinx_sch is up to date.
Architecture behavioral of Entity cb8x1_mxilinx_sch is up to date.
Architecture behavioral of Entity cb16x1_mxilinx_sch is up to date.
Architecture behavioral of Entity sch is up to date.

=========================================================================
*                     Design Hierarchy Analysis                         *
=========================================================================
Analyzing hierarchy for entity <sch> in library <work> (architecture <behavioral>).

Analyzing hierarchy for entity <D4_16E_MXILINX_sch> in library <work> (architecture <behavioral>).

Analyzing hierarchy for entity <CB16X1_MXILINX_sch> in library <work> (architecture <behavioral>).

Analyzing hierarchy for entity <D2_4E_MXILINX_sch> in library <work> (architecture <behavioral>).

Analyzing hierarchy for entity <CB2CE_MXILINX_sch> in library <work> (architecture <behavioral>).

Analyzing hierarchy for entity <LD4_MXILINX_sch> in library <work> (architecture <behavioral>).

Analyzing hierarchy for entity <CB8X1_MXILINX_sch> in library <work> (architecture <behavioral>).

Analyzing hierarchy for entity <FTCE_MXILINX_sch> in library <work> (architecture <behavioral>) with generics.
	INIT = '0'

Analyzing hierarchy for entity <AND6_MXILINX_sch> in library <work> (architecture <behavioral>).

Analyzing hierarchy for entity <AND7_MXILINX_sch> in library <work> (architecture <behavioral>).

Analyzing hierarchy for entity <AND8_MXILINX_sch> in library <work> (architecture <behavioral>).

Analyzing hierarchy for entity <AND9_MXILINX_sch> in library <work> (architecture <behavioral>).

Analyzing hierarchy for entity <FDC_MXILINX_sch> in library <work> (architecture <behavioral>) with generics.
	INIT = '0'


=========================================================================
*                            HDL Analysis                               *
=========================================================================
Analyzing Entity <sch> in library <work> (Architecture <behavioral>).
    Set user-defined property "HU_SET =  XLXI_1_29" for instance <XLXI_1> in unit <sch>.
WARNING:Xst:753 - "//vboxsvr/timebase_cpld_software/Timebase_CPLD/sch.vhf" line 2162: Unconnected output port 'CEOD' of component 'CB16X1_MXILINX_sch'.
WARNING:Xst:753 - "//vboxsvr/timebase_cpld_software/Timebase_CPLD/sch.vhf" line 2162: Unconnected output port 'CEOU' of component 'CB16X1_MXILINX_sch'.
WARNING:Xst:753 - "//vboxsvr/timebase_cpld_software/Timebase_CPLD/sch.vhf" line 2162: Unconnected output port 'Q' of component 'CB16X1_MXILINX_sch'.
WARNING:Xst:753 - "//vboxsvr/timebase_cpld_software/Timebase_CPLD/sch.vhf" line 2162: Unconnected output port 'TCU' of component 'CB16X1_MXILINX_sch'.
    Set user-defined property "HU_SET =  XLXI_12_27" for instance <XLXI_12> in unit <sch>.
    Set user-defined property "HU_SET =  XLXI_61_31" for instance <XLXI_61> in unit <sch>.
WARNING:Xst:753 - "//vboxsvr/timebase_cpld_software/Timebase_CPLD/sch.vhf" line 2203: Unconnected output port 'CEO' of component 'CB2CE_MXILINX_sch'.
    Set user-defined property "HU_SET =  XLXI_62_30" for instance <XLXI_62> in unit <sch>.
    Set user-defined property "HU_SET =  XLXI_94_28" for instance <XLXI_94> in unit <sch>.
Entity <sch> analyzed. Unit <sch> generated.

Analyzing Entity <D4_16E_MXILINX_sch> in library <work> (Architecture <behavioral>).
Entity <D4_16E_MXILINX_sch> analyzed. Unit <D4_16E_MXILINX_sch> generated.

Analyzing Entity <CB16X1_MXILINX_sch> in library <work> (Architecture <behavioral>).
    Set user-defined property "HU_SET =  CB0_25" for instance <CB0> in unit <CB16X1_MXILINX_sch>.
    Set user-defined property "HU_SET =  CB8_26" for instance <CB8> in unit <CB16X1_MXILINX_sch>.
Entity <CB16X1_MXILINX_sch> analyzed. Unit <CB16X1_MXILINX_sch> generated.

Analyzing Entity <CB8X1_MXILINX_sch> in library <work> (Architecture <behavioral>).
    Set user-defined property "HU_SET =  I_36_188_11" for instance <I_36_188> in unit <CB8X1_MXILINX_sch>.
    Set user-defined property "HU_SET =  I_36_189_13" for instance <I_36_189> in unit <CB8X1_MXILINX_sch>.
    Set user-defined property "HU_SET =  I_36_190_17" for instance <I_36_190> in unit <CB8X1_MXILINX_sch>.
    Set user-defined property "HU_SET =  I_36_191_23" for instance <I_36_191> in unit <CB8X1_MXILINX_sch>.
    Set user-defined property "HU_SET =  I_36_282_12" for instance <I_36_282> in unit <CB8X1_MXILINX_sch>.
    Set user-defined property "HU_SET =  I_36_346_14" for instance <I_36_346> in unit <CB8X1_MXILINX_sch>.
    Set user-defined property "HU_SET =  I_36_418_18" for instance <I_36_418> in unit <CB8X1_MXILINX_sch>.
    Set user-defined property "HU_SET =  I_36_455_22" for instance <I_36_455> in unit <CB8X1_MXILINX_sch>.
    Set user-defined property "HU_SET =  I_36_489_21" for instance <I_36_489> in unit <CB8X1_MXILINX_sch>.
    Set user-defined property "HU_SET =  I_36_528_16" for instance <I_36_528> in unit <CB8X1_MXILINX_sch>.
    Set user-defined property "HU_SET =  I_36_660_20" for instance <I_36_660> in unit <CB8X1_MXILINX_sch>.
    Set user-defined property "HU_SET =  I_36_704_19" for instance <I_36_704> in unit <CB8X1_MXILINX_sch>.
    Set user-defined property "HU_SET =  I_36_776_24" for instance <I_36_776> in unit <CB8X1_MXILINX_sch>.
    Set user-defined property "HU_SET =  I_36_824_15" for instance <I_36_824> in unit <CB8X1_MXILINX_sch>.
    Set user-defined property "HU_SET =  Q0_10" for instance <Q0> in unit <CB8X1_MXILINX_sch>.
    Set user-defined property "HU_SET =  Q1_9" for instance <Q1> in unit <CB8X1_MXILINX_sch>.
    Set user-defined property "HU_SET =  Q2_8" for instance <Q2> in unit <CB8X1_MXILINX_sch>.
    Set user-defined property "HU_SET =  Q3_7" for instance <Q3> in unit <CB8X1_MXILINX_sch>.
    Set user-defined property "HU_SET =  Q4_6" for instance <Q4> in unit <CB8X1_MXILINX_sch>.
    Set user-defined property "HU_SET =  Q5_5" for instance <Q5> in unit <CB8X1_MXILINX_sch>.
    Set user-defined property "HU_SET =  Q6_4" for instance <Q6> in unit <CB8X1_MXILINX_sch>.
    Set user-defined property "HU_SET =  Q7_3" for instance <Q7> in unit <CB8X1_MXILINX_sch>.
    Set user-defined property "HU_SET =  TCDINV_2" for instance <TCDINV> in unit <CB8X1_MXILINX_sch>.
Entity <CB8X1_MXILINX_sch> analyzed. Unit <CB8X1_MXILINX_sch> generated.

Analyzing Entity <AND6_MXILINX_sch> in library <work> (Architecture <behavioral>).
Entity <AND6_MXILINX_sch> analyzed. Unit <AND6_MXILINX_sch> generated.

Analyzing Entity <AND7_MXILINX_sch> in library <work> (Architecture <behavioral>).
Entity <AND7_MXILINX_sch> analyzed. Unit <AND7_MXILINX_sch> generated.

Analyzing Entity <AND8_MXILINX_sch> in library <work> (Architecture <behavioral>).
Entity <AND8_MXILINX_sch> analyzed. Unit <AND8_MXILINX_sch> generated.

Analyzing Entity <AND9_MXILINX_sch> in library <work> (Architecture <behavioral>).
Entity <AND9_MXILINX_sch> analyzed. Unit <AND9_MXILINX_sch> generated.

Analyzing generic Entity <FDC_MXILINX_sch> in library <work> (Architecture <behavioral>).
	INIT = '0'
    Set user-defined property "INIT =  0" for instance <U0> in unit <FDC_MXILINX_sch>.
Entity <FDC_MXILINX_sch> analyzed. Unit <FDC_MXILINX_sch> generated.

Analyzing Entity <D2_4E_MXILINX_sch> in library <work> (Architecture <behavioral>).
Entity <D2_4E_MXILINX_sch> analyzed. Unit <D2_4E_MXILINX_sch> generated.

Analyzing Entity <CB2CE_MXILINX_sch> in library <work> (Architecture <behavioral>).
    Set user-defined property "HU_SET =  U0_0" for instance <U0> in unit <CB2CE_MXILINX_sch>.
    Set user-defined property "HU_SET =  U1_1" for instance <U1> in unit <CB2CE_MXILINX_sch>.
Entity <CB2CE_MXILINX_sch> analyzed. Unit <CB2CE_MXILINX_sch> generated.

Analyzing generic Entity <FTCE_MXILINX_sch> in library <work> (Architecture <behavioral>).
	INIT = '0'
    Set user-defined property "INIT =  0" for instance <I_36_35> in unit <FTCE_MXILINX_sch>.
Entity <FTCE_MXILINX_sch> analyzed. Unit <FTCE_MXILINX_sch> generated.

Analyzing Entity <LD4_MXILINX_sch> in library <work> (Architecture <behavioral>).
    Set user-defined property "INIT =  0" for instance <U0> in unit <LD4_MXILINX_sch>.
    Set user-defined property "INIT =  0" for instance <U1> in unit <LD4_MXILINX_sch>.
    Set user-defined property "INIT =  0" for instance <U2> in unit <LD4_MXILINX_sch>.
    Set user-defined property "INIT =  0" for instance <U3> in unit <LD4_MXILINX_sch>.
Entity <LD4_MXILINX_sch> analyzed. Unit <LD4_MXILINX_sch> generated.


=========================================================================
*                           HDL Synthesis                               *
=========================================================================

Performing bidirectional port resolution...

Synthesizing Unit <D4_16E_MXILINX_sch>.
    Related source file is "//vboxsvr/timebase_cpld_software/Timebase_CPLD/sch.vhf".
Unit <D4_16E_MXILINX_sch> synthesized.


Synthesizing Unit <D2_4E_MXILINX_sch>.
    Related source file is "//vboxsvr/timebase_cpld_software/Timebase_CPLD/sch.vhf".
Unit <D2_4E_MXILINX_sch> synthesized.


Synthesizing Unit <LD4_MXILINX_sch>.
    Related source file is "//vboxsvr/timebase_cpld_software/Timebase_CPLD/sch.vhf".
Unit <LD4_MXILINX_sch> synthesized.


Synthesizing Unit <AND6_MXILINX_sch>.
    Related source file is "//vboxsvr/timebase_cpld_software/Timebase_CPLD/sch.vhf".
Unit <AND6_MXILINX_sch> synthesized.


Synthesizing Unit <AND7_MXILINX_sch>.
    Related source file is "//vboxsvr/timebase_cpld_software/Timebase_CPLD/sch.vhf".
Unit <AND7_MXILINX_sch> synthesized.


Synthesizing Unit <AND8_MXILINX_sch>.
    Related source file is "//vboxsvr/timebase_cpld_software/Timebase_CPLD/sch.vhf".
Unit <AND8_MXILINX_sch> synthesized.


Synthesizing Unit <AND9_MXILINX_sch>.
    Related source file is "//vboxsvr/timebase_cpld_software/Timebase_CPLD/sch.vhf".
Unit <AND9_MXILINX_sch> synthesized.


Synthesizing Unit <FDC_MXILINX_sch>.
    Related source file is "//vboxsvr/timebase_cpld_software/Timebase_CPLD/sch.vhf".
Unit <FDC_MXILINX_sch> synthesized.


Synthesizing Unit <FTCE_MXILINX_sch>.
    Related source file is "//vboxsvr/timebase_cpld_software/Timebase_CPLD/sch.vhf".
Unit <FTCE_MXILINX_sch> synthesized.


Synthesizing Unit <CB2CE_MXILINX_sch>.
    Related source file is "//vboxsvr/timebase_cpld_software/Timebase_CPLD/sch.vhf".
Unit <CB2CE_MXILINX_sch> synthesized.


Synthesizing Unit <CB8X1_MXILINX_sch>.
    Related source file is "//vboxsvr/timebase_cpld_software/Timebase_CPLD/sch.vhf".
Unit <CB8X1_MXILINX_sch> synthesized.


Synthesizing Unit <CB16X1_MXILINX_sch>.
    Related source file is "//vboxsvr/timebase_cpld_software/Timebase_CPLD/sch.vhf".
Unit <CB16X1_MXILINX_sch> synthesized.


Synthesizing Unit <sch>.
    Related source file is "//vboxsvr/timebase_cpld_software/Timebase_CPLD/sch.vhf".
Unit <sch> synthesized.


=========================================================================
HDL Synthesis Report

Found no macro
=========================================================================

=========================================================================
*                       Advanced HDL Synthesis                          *
=========================================================================


=========================================================================
Advanced HDL Synthesis Report

Macro Statistics
# Registers                                            : 20
 Flip-Flops                                            : 20

=========================================================================

=========================================================================
*                         Low Level Synthesis                           *
=========================================================================

Optimizing unit <sch> ...

Optimizing unit <D4_16E_MXILINX_sch> ...

Optimizing unit <D2_4E_MXILINX_sch> ...

Optimizing unit <LD4_MXILINX_sch> ...
  implementation constraint: INIT=0	 : U0
  implementation constraint: INIT=0	 : U1
  implementation constraint: INIT=0	 : U2
  implementation constraint: INIT=0	 : U3

Optimizing unit <AND6_MXILINX_sch> ...

Optimizing unit <AND7_MXILINX_sch> ...

Optimizing unit <AND8_MXILINX_sch> ...

Optimizing unit <AND9_MXILINX_sch> ...

Optimizing unit <FDC_MXILINX_sch> ...
  implementation constraint: INIT=0	 : U0

Optimizing unit <FTCE_MXILINX_sch> ...
  implementation constraint: INIT=0	 : I_36_35

Optimizing unit <CB2CE_MXILINX_sch> ...

Optimizing unit <CB8X1_MXILINX_sch> ...

Optimizing unit <CB16X1_MXILINX_sch> ...

=========================================================================
*                           Partition Report                            *
=========================================================================

Partition Implementation Status
-------------------------------

  No Partitions were found in this design.

-------------------------------

=========================================================================
*                            Final Report                               *
=========================================================================
Final Results
RTL Top Level Output File Name     : sch.ngr
Top Level Output File Name         : sch
Output Format                      : NGC
Optimization Goal                  : Speed
Keep Hierarchy                     : Yes
Target Technology                  : XC9500XL CPLDs
Macro Preserve                     : YES
XOR Preserve                       : YES
Clock Enable                       : YES
wysiwyg                            : NO

Design Statistics
# IOs                              : 9

Cell Usage :
# BELS                             : 309
#      AND2                        : 36
#      AND3                        : 18
#      AND4                        : 52
#      AND5                        : 3
#      GND                         : 21
#      INV                         : 135
#      OR2                         : 8
#      OR3                         : 16
#      VCC                         : 2
#      XOR2                        : 18
# FlipFlops/Latches                : 24
#      FDCE                        : 2
#      FDCP                        : 18
#      LD                          : 4
# Clock Buffers                    : 2
#      BUFG                        : 2
# IO Buffers                       : 7
#      IBUF                        : 5
#      OBUF                        : 2
# Others                           : 58
#      AND2B1                      : 22
#      AND2B2                      : 2
#      AND3B1                      : 8
#      AND3B2                      : 3
#      AND4B1                      : 2
#      AND4B3                      : 2
#      AND5B1                      : 4
#      AND5B2                      : 6
#      AND5B3                      : 4
#      AND5B4                      : 3
#      NOR4                        : 2
=========================================================================


Total REAL time to Xst completion: 21.00 secs
Total CPU time to Xst completion: 21.42 secs
 
--> 

Total memory usage is 262752 kilobytes

Number of errors   :    0 (   0 filtered)
Number of warnings :    5 (   0 filtered)
Number of infos    :    0 (   0 filtered)

